13:19:02 **** Incremental Build of configuration Debug for project 02_LED ****
make -j12 all 
arm-none-eabi-gcc "../Core/Src/main.c" -mcpu=cortex-m4 -std=gnu11 -g3 -DDEBUG -DUSE_HAL_DRIVER -DSTM32F411xE -c -I../Core/Inc -I../Drivers/STM32F4xx_HAL_Driver/Inc -I../Drivers/STM32F4xx_HAL_Driver/Inc/Legacy -I../Drivers/CMSIS/Device/ST/STM32F4xx/Include -I../Drivers/CMSIS/Include -O0 -ffunction-sections -fdata-sections -Wall -fstack-usage -MMD -MP -MF"Core/Src/main.d" -MT"Core/Src/main.o" --specs=nano.specs -mfpu=fpv4-sp-d16 -mfloat-abi=hard -mthumb -o "Core/Src/main.o"
arm-none-eabi-gcc -o "02_LED.elf" @"objects.list"   -mcpu=cortex-m4 -T"C:\Users\PHY202209EF06\STM32CubeIDE\workspace_1.10.1\02_LED\STM32F411RETX_FLASH.ld" --specs=nosys.specs -Wl,-Map="02_LED.map" -Wl,--gc-sections -static --specs=nano.specs -mfpu=fpv4-sp-d16 -mfloat-abi=hard -mthumb -Wl,--start-group -lc -lm -Wl,--end-group
Finished building target: 02_LED.elf
 
arm-none-eabi-size   02_LED.elf 
arm-none-eabi-objdump -h -S  02_LED.elf  > "02_LED.list"
   text	   data	    bss	    dec	    hex	filename
   7788	     20	   1636	   9444	   24e4	02_LED.elf
Finished building: default.size.stdout
 
Finished building: 02_LED.list
 

13:19:03 Build Finished. 0 errors, 0 warnings. (took 463ms)

