15:21:59 **** Incremental Build of configuration Debug for project ADC_WithoutPolling ****
make -j12 all 
arm-none-eabi-gcc "../Core/Src/main.c" -mcpu=cortex-m4 -std=gnu11 -g3 -DDEBUG -DUSE_HAL_DRIVER -DSTM32F411xE -c -I../Core/Inc -I../Drivers/STM32F4xx_HAL_Driver/Inc -I../Drivers/STM32F4xx_HAL_Driver/Inc/Legacy -I../Drivers/CMSIS/Device/ST/STM32F4xx/Include -I../Drivers/CMSIS/Include -O0 -ffunction-sections -fdata-sections -Wall -fstack-usage -MMD -MP -MF"Core/Src/main.d" -MT"Core/Src/main.o" --specs=nano.specs -mfpu=fpv4-sp-d16 -mfloat-abi=hard -mthumb -o "Core/Src/main.o"
arm-none-eabi-gcc -o "ADC_WithoutPolling.elf" @"objects.list"   -mcpu=cortex-m4 -T"C:\Users\PHY202209EF06\STM32CubeIDE\workspace_1.10.1\ADC_WithoutPolling\STM32F411RETX_FLASH.ld" --specs=nosys.specs -Wl,-Map="ADC_WithoutPolling.map" -Wl,--gc-sections -static --specs=nano.specs -mfpu=fpv4-sp-d16 -mfloat-abi=hard -mthumb -Wl,--start-group -lc -lm -Wl,--end-group
Finished building target: ADC_WithoutPolling.elf
 
arm-none-eabi-size   ADC_WithoutPolling.elf 
arm-none-eabi-objdump -h -S  ADC_WithoutPolling.elf  > "ADC_WithoutPolling.list"
   text	   data	    bss	    dec	    hex	filename
   9700	     20	   1644	  11364	   2c64	ADC_WithoutPolling.elf
Finished building: default.size.stdout
 
Finished building: ADC_WithoutPolling.list
 

15:22:00 Build Finished. 0 errors, 0 warnings. (took 1s.236ms)

