16:06:09 **** Incremental Build of configuration Debug for project RTC_HAL ****
make -j12 all 
arm-none-eabi-gcc "../Core/Src/main.c" -mcpu=cortex-m4 -std=gnu11 -g3 -DDEBUG -DUSE_HAL_DRIVER -DSTM32F411xE -c -I../Core/Inc -I../Drivers/STM32F4xx_HAL_Driver/Inc -I../Drivers/STM32F4xx_HAL_Driver/Inc/Legacy -I../Drivers/CMSIS/Device/ST/STM32F4xx/Include -I../Drivers/CMSIS/Include -O0 -ffunction-sections -fdata-sections -Wall -fstack-usage -MMD -MP -MF"Core/Src/main.d" -MT"Core/Src/main.o" --specs=nano.specs -mfpu=fpv4-sp-d16 -mfloat-abi=hard -mthumb -o "Core/Src/main.o"
arm-none-eabi-gcc -o "RTC_HAL.elf" @"objects.list"   -mcpu=cortex-m4 -T"C:\Users\PHY202209EF06\STM32CubeIDE\workspace_1.10.1\RTC_HAL\STM32F411RETX_FLASH.ld" --specs=nosys.specs -Wl,-Map="RTC_HAL.map" -Wl,--gc-sections -static --specs=nano.specs -mfpu=fpv4-sp-d16 -mfloat-abi=hard -mthumb -Wl,--start-group -lc -lm -Wl,--end-group
Finished building target: RTC_HAL.elf
 
arm-none-eabi-size   RTC_HAL.elf 
arm-none-eabi-objdump -h -S  RTC_HAL.elf  > "RTC_HAL.list"
   text	   data	    bss	    dec	    hex	filename
  13448	    120	   1760	  15328	   3be0	RTC_HAL.elf
Finished building: default.size.stdout
 
Finished building: RTC_HAL.list
 

16:06:10 Build Finished. 0 errors, 0 warnings. (took 519ms)

