11:37:54 **** Incremental Build of configuration Debug for project TIM4_CH3_PWM ****
make -j12 all 
arm-none-eabi-gcc "../Core/Src/main.c" -mcpu=cortex-m4 -std=gnu11 -g3 -DDEBUG -DUSE_HAL_DRIVER -DSTM32F411xE -c -I../Core/Inc -I../Drivers/STM32F4xx_HAL_Driver/Inc -I../Drivers/STM32F4xx_HAL_Driver/Inc/Legacy -I../Drivers/CMSIS/Device/ST/STM32F4xx/Include -I../Drivers/CMSIS/Include -O0 -ffunction-sections -fdata-sections -Wall -fstack-usage -MMD -MP -MF"Core/Src/main.d" -MT"Core/Src/main.o" --specs=nano.specs -mfpu=fpv4-sp-d16 -mfloat-abi=hard -mthumb -o "Core/Src/main.o"
arm-none-eabi-gcc -o "TIM4_CH3_PWM.elf" @"objects.list"   -mcpu=cortex-m4 -T"C:\Users\PHY202209EF06\STM32CubeIDE\workspace_1.10.1\TIM4_CH3_PWM\STM32F411RETX_FLASH.ld" --specs=nosys.specs -Wl,-Map="TIM4_CH3_PWM.map" -Wl,--gc-sections -static --specs=nano.specs -mfpu=fpv4-sp-d16 -mfloat-abi=hard -mthumb -Wl,--start-group -lc -lm -Wl,--end-group
Finished building target: TIM4_CH3_PWM.elf
 
arm-none-eabi-size   TIM4_CH3_PWM.elf 
arm-none-eabi-objdump -h -S  TIM4_CH3_PWM.elf  > "TIM4_CH3_PWM.list"
   text	   data	    bss	    dec	    hex	filename
  10188	     20	   1644	  11852	   2e4c	TIM4_CH3_PWM.elf
Finished building: default.size.stdout
 
Finished building: TIM4_CH3_PWM.list
 

11:37:55 Build Finished. 0 errors, 0 warnings. (took 448ms)

