17:11:20 **** Incremental Build of configuration Debug for project TIMERS_DEMO ****
make -j12 all 
arm-none-eabi-gcc "../Core/Src/TIM10_reg.c" -mcpu=cortex-m4 -std=gnu11 -g3 -DDEBUG -DUSE_HAL_DRIVER -DSTM32F411xE -c -I../Core/Inc -I../Drivers/STM32F4xx_HAL_Driver/Inc -I../Drivers/STM32F4xx_HAL_Driver/Inc/Legacy -I../Drivers/CMSIS/Device/ST/STM32F4xx/Include -I../Drivers/CMSIS/Include -O0 -ffunction-sections -fdata-sections -Wall -fstack-usage -MMD -MP -MF"Core/Src/TIM10_reg.d" -MT"Core/Src/TIM10_reg.o" --specs=nano.specs -mfpu=fpv4-sp-d16 -mfloat-abi=hard -mthumb -o "Core/Src/TIM10_reg.o"
arm-none-eabi-gcc -o "TIMERS_DEMO.elf" @"objects.list"   -mcpu=cortex-m4 -T"C:\Users\PHY202209EF06\STM32CubeIDE\workspace_1.10.1\TIMERS_DEMO\STM32F411RETX_FLASH.ld" --specs=nosys.specs -Wl,-Map="TIMERS_DEMO.map" -Wl,--gc-sections -static --specs=nano.specs -mfpu=fpv4-sp-d16 -mfloat-abi=hard -mthumb -Wl,--start-group -lc -lm -Wl,--end-group
Finished building target: TIMERS_DEMO.elf
 
arm-none-eabi-size   TIMERS_DEMO.elf 
arm-none-eabi-objdump -h -S  TIMERS_DEMO.elf  > "TIMERS_DEMO.list"
   text	   data	    bss	    dec	    hex	filename
    884	      8	   1568	   2460	    99c	TIMERS_DEMO.elf
Finished building: default.size.stdout
 
Finished building: TIMERS_DEMO.list
 

17:11:20 Build Finished. 0 errors, 0 warnings. (took 467ms)

